// Vitest Snapshot v1, https://vitest.dev/guide/snapshot.html

exports[`Storefront copy integrity & manifest guard > STOREFRONT_COPY_MANIFEST matches the approved customer-facing copy snapshot 1`] = `
{
  "about": {
    "commitments": {
      "badge": "Our Commitments",
      "cards": {
        "liveInventoryPricing": {
          "description": "What you see in your quarters catalogue reflects your hub's own recorded availability and prices, not shared estimates. If prices change, you are notified upfront.",
          "title": "Live Inventory & Price",
        },
        "oneHubOneCommunity": {
          "description": "Each quarters community is served by its dedicated store hub, ensuring stock reflects local shelf availability.",
          "title": "One Hub, One Community",
        },
        "payAtDoorstep": {
          "description": "Pay via Cash on Delivery or UPI once your order is handed over at your quarters — no prepayment required.",
          "title": "Pay at Doorstep",
        },
        "scheduledSlots": {
          "description": "Our hubs operate daily from 10:00 AM to 8:00 PM, delivering orders as early as operationally possible without artificial delays.",
          "title": "Daily 10 AM – 8 PM",
        },
      },
      "title": "Real Operational Facts, No Fabrications",
    },
    "hero": {
      "badge": "PROUD TO SERVE THOSE WHO SERVE THE NATION",
      "description": "Every day, the men and women of the Indian Navy serve with discipline, courage and commitment. Serving two Navy Quarters communities is a privilege for us. Our role may be simple -- groceries, everyday essentials and dependable delivery -- but we are proud to make daily life a little easier for the families of those who dedicate themselves to the country.",
      "title": "Serving Those Who Serve India — Proudly, Every Day",
    },
    "hubSystem": {
      "badge": "Dedicated Quarters Hubs",
      "description": "Munder Fresh pairs dedicated community store hubs directly with Navy Quarters residences, organizing inventory and fulfillment exclusively around local service areas.",
      "hubCardTemplate": "Dedicated local inventory managed by {hubName}. Items in the catalogue are drawn from this community hub's store records, updating with local stock levels.",
      "title": "The Two-Community Hub System",
    },
    "meta": {
      "description": "Learn about Munder Fresh: serving Navy Quarters communities with groceries, daily essentials, and dependable delivery.",
      "title": "About Us | Munder Fresh — Serving Navy Quarters",
    },
    "quoteCallout": {
      "quote": "Their duty is to the nation. Our privilege is to serve their everyday needs.",
    },
    "serviceBoundary": {
      "description": "Because we operate dedicated store hubs paired specifically with partner residential communities, we only accept orders from addresses within our serviceable zones.",
      "title": "Living Outside Our Current Quarters Communities?",
    },
  },
  "cart": {
    "changeArea": "· Change area →",
    "checkoutNotice": "No account needed. You pay when your order is delivered.",
    "continueShopping": "← Continue shopping",
    "heading": {
      "subtitle": "Prices and availability are checked against the shop every time you look.",
      "title": "Your basket",
    },
    "meta": {
      "description": "What you have chosen, priced by the shop that delivers to you.",
      "title": "Your basket",
    },
    "scheduledSlotBadge": "As early as operationally possible",
    "trustBadges": {
      "doorstepPayment": "Pay with Cash or UPI on delivery",
      "storeVerified": "Store-verified prices and availability",
    },
  },
  "communities": {
    "deliveryNoteBase": "Free Delivery · Daily 10 AM – 8 PM",
    "deliveryNoteWithMinOrderPrefix": "Free Delivery · Min Order ",
    "selector": {
      "badge": "Navy Quarters Delivery",
      "subtitleDefault": "Fresh groceries, dairy, produce & daily essentials delivered to your quarters as early as operationally possible.",
      "titleDefault": "Select Your Quarters Community",
      "unserviceableLinkText": "Request delivery to your locality",
      "unserviceablePrompt": "Living outside these quarters communities? ",
    },
    "subtitleTemplate": "{shortName} · As early as operationally possible",
  },
  "contact": {
    "appNotice": {
      "aboutLinkText": "Learn more about our community hub delivery model on our About page",
      "badge": "Order Support Status",
      "description": "A dedicated live order-support channel is not currently active. For details on how our community hubs fulfill orders and operating commitments, please visit our About page.",
      "title": "No Live Order Support Channel",
    },
    "channels": {
      "addressLabel": "Hub Location",
      "addressPlaceholder": "Not yet published",
      "emailLabel": "Email Support",
      "emailPlaceholder": "Not yet published",
      "hoursLabel": "Operating Hours",
      "hoursPlaceholder": "Daily, 10:00 AM – 8:00 PM",
      "phoneLabel": "Phone Support",
      "phonePlaceholder": "Not yet published",
    },
    "communityHubs": {
      "badge": "Community Store Hubs",
      "description": "Munder Fresh operates dedicated store hubs paired directly with our partner Navy Quarters communities.",
      "hubCardTemplate": "Dedicated store hub serving {hubName}. Contact channels and operating hours will be listed here once assigned.",
      "title": "Our Dedicated Quarters Hubs",
    },
    "helpCard": {
      "aboutUsText": "About Munder Fresh",
      "description": "Check your past orders and status updates in your account, or review our operational principles.",
      "title": "Order Status & Operational Information",
      "viewOrdersText": "View Past Orders",
    },
    "hero": {
      "badge": "Community Store Hub Directory",
      "subtitle": "Community store hub directory and operating status for Navy Quarters locations. Dedicated live order-support channels are not currently active.",
      "title": "Contact Us",
    },
    "meta": {
      "description": "Community store hub directory and support channel status for Munder Fresh. Dedicated live order-support channels are not yet active.",
      "title": "Contact Us | Munder Fresh — Community Store Hubs",
    },
  },
  "footer": {
    "brandDescription": "Dedicated grocery delivery for Navy Quarters communities. Groceries, everyday essentials, fresh produce, and dairy delivered to your quarters as early as operationally possible.",
    "commitmentsDescription": "Prices and availability are verified from your community's dedicated store. Free delivery on all orders meeting the minimum order threshold. Pay via Cash or UPI on delivery.",
    "commitmentsTitle": "Store Commitments",
    "communitiesHeading": "Navy Quarters Communities",
    "unserviceableLink": "Living elsewhere? Request delivery →",
  },
  "home": {
    "aboutPreview": {
      "badge": "Our Commitment to Service",
      "closingLine": "Their duty is to the nation. Our privilege is to serve their everyday needs.",
      "description": "Every day, the men and women of the Indian Navy serve with discipline, courage and commitment. Serving two Navy Quarters communities is a privilege for us. Our role may be simple -- groceries, everyday essentials and dependable delivery -- but we are proud to make daily life a little easier for the families of those who dedicate themselves to the country.",
      "title": "Proud to Serve Those Who Serve the Nation",
    },
    "activeWelcome": {
      "badge": "Serving your quarters community hub",
      "browseShopButton": "Browse Full Shop →",
      "changeCommunityButton": "Change Community",
      "feeDeliveryPrefix": "Delivery ",
      "minOrderPrefix": " · Minimum order ",
      "pausedNotice": "This community hub has paused order taking for now. You can still browse and add to basket.",
      "titlePrefix": "Shopping at ",
    },
    "communitySelector": {
      "subtitle": "Choose your residential quarters to view community-scoped inventory, store pricing, and local delivery availability.",
      "title": "Select Your Navy Quarters Community",
    },
    "hero": {
      "badge": "PROUD TO SERVE THOSE WHO SERVE THE NATION",
      "subtitle": "Groceries, daily staples, dairy, and household essentials for Navy Quarters families. Operating daily 10:00 AM – 8:00 PM, delivered to your doorstep as early as operationally possible.",
      "titleHighlight": "Proudly, Every Day",
      "titlePrefix": "Serving Those Who Serve India — ",
    },
    "highlights": {
      "doorstepDescription": "Delivered as early as operationally possible",
      "doorstepTitle": "Direct to Quarters",
      "paymentDescription": "Cash or UPI accepted at doorstep upon handover",
      "paymentTitle": "Pay on Delivery",
      "produceDescription": "Fresh produce, dairy & pantry staples from your local hub",
      "produceTitle": "Everyday Essentials",
      "slotsDescription": "Operating every day to fulfill your home essentials",
      "slotsTitle": "Daily 10 AM – 8 PM",
    },
    "meta": {
      "description": "Groceries, daily essentials, and fresh staples delivered to Navy Quarters communities as early as operationally possible.",
      "title": "Munder Fresh | Serving Navy Quarters Communities",
    },
    "promise": {
      "badge": "The Munder Fresh Promise",
      "description": "We partner directly with your residential quarters to fulfill orders from dedicated local hubs. Enjoy free doorstep delivery on orders meeting the minimum order, fulfilled daily from 10:00 AM to 8:00 PM as early as operationally possible.",
      "title": "Dependable Hyperlocal Service for Quarters Families",
    },
    "promoBanners": {
      "dailyEssentials": {
        "badge": "Daily Essentials",
        "buttonText": "Shop Fresh Produce →",
        "description": "Vegetables, milk & daily provisions delivered fresh to your quarters.",
        "title": "Fresh Produce & Dairy",
      },
      "superSaver": {
        "badge": "Pantry Staples",
        "buttonText": "Shop Pantry Staples →",
        "description": "Atta, rice, dals & cooking essentials at steady community prices.",
        "title": "Kitchen Staples & Grains",
      },
    },
  },
  "mobileCartBar": {
    "slotNotice": "As early as operationally possible",
  },
  "productRequest": {
    "form": {
      "brandLabel": "Brand (Optional)",
      "brandPlaceholder": "e.g. Nandini, Fortune, Tata...",
      "chooseAreaLinkText": "Choose Community Area →",
      "customerNameLabel": "Your Name (Optional)",
      "customerNamePlaceholder": "e.g. Priya Sharma",
      "customerPhoneLabel": "Mobile Number (Optional)",
      "customerPhonePlaceholder": "10-digit Indian mobile number",
      "noStoreSelectedPrompt": "Choose your delivery area first so we know which store to ask.",
      "noteLabel": "Additional Notes or Details (Optional)",
      "notePlaceholder": "Any specific variety, preference, or detail...",
      "packSizeLabel": "Pack Size or Weight (Optional)",
      "packSizePlaceholder": "e.g. 500g, 1kg, 1L, Pack of 4...",
      "productNameLabel": "Product Name",
      "productNamePlaceholder": "e.g. Sona Masoori Rice, Greek Yogurt, Basil Leaves...",
      "submitButton": "Submit Request",
    },
    "hero": {
      "badge": "Resident Catalogue Requests",
      "subtitle": "Can't find an item in your store catalogue? Tell us what you'd like to see, and our store team will review it.",
      "title": "Request a Product",
    },
    "meta": {
      "description": "Tell us what grocery items, brands, or daily essentials you would like to see in your community store.",
      "title": "Request a Product | Munder Fresh Hyperlocal Grocery",
    },
    "searchPrompt": {
      "linkText": "Request a product for your store →",
      "text": "Can't find what you're looking for?",
    },
    "success": {
      "actionText": "Browse Store Catalogue →",
      "description": "We've recorded your product request for your community store team to review.",
      "submitAnotherText": "Request Another Product",
      "title": "Thanks, we've received your request",
    },
  },
  "shop": {
    "meta": {
      "description": "Shop fresh groceries, daily staples, fruits, vegetables, dairy, and household essentials.",
      "title": "All Products | Munder Fresh Hyperlocal Grocery",
    },
    "pausedNotice": "This store has temporarily paused orders. You can still browse products and plan your basket.",
  },
}
`;
